// Vitest Snapshot v1, https://vitest.dev/guide/snapshot.html

exports[`auth.confirmEmail > functionality > account confirmed 1`] = `
"Snapshot Diff:
- Before snapshot
+ After snapshot

@@ --- --- @@
- INSERT INTO public.accounts VALUES ('0e58efec-192a-4235-979f-90e9cc0e2035', 'bernadine.lindgren@yahoo.com', 'fabe32951e8b35e2d9aec7eaeb91afff3abbbee765e8ffa10fc9552df0459e3f319a707dc73b0d2cd0c7fcc64a84ea1e7ac3ad91c5cb0d7b01db72137513f1ac', '6f6ddc5bdb1064cf875b28ba93ebbee4fb7daa674eeb1dbeeeef86aeb5df2eed5ce3b745dde2cfc7df7432dd04f07ce94eeffac914f5fbdf82b47bfcbb583d9b', '0f4699d2-4ea7-4371-b567-dd9f358db940', '2020-01-01 00:00:00');
@@ --- --- @@
+ INSERT INTO public.accounts VALUES ('0e58efec-192a-4235-979f-90e9cc0e2035', 'bernadine.lindgren@yahoo.com', 'fabe32951e8b35e2d9aec7eaeb91afff3abbbee765e8ffa10fc9552df0459e3f319a707dc73b0d2cd0c7fcc64a84ea1e7ac3ad91c5cb0d7b01db72137513f1ac', '6f6ddc5bdb1064cf875b28ba93ebbee4fb7daa674eeb1dbeeeef86aeb5df2eed5ce3b745dde2cfc7df7432dd04f07ce94eeffac914f5fbdf82b47bfcbb583d9b', NULL, NULL);"
`;
