// Vitest Snapshot v1, https://vitest.dev/guide/snapshot.html

exports[`auth.register > functionality > email sent if active 1`] = `
"Snapshot Diff:
- Before snapshot
+ After snapshot

@@ --- --- @@
+ INSERT INTO public.accounts VALUES ('9f899965-3642-4806-8e47-9628617febef', 'roberto9@yahoo.com', '747028d153a4bb69c984302eb6ff4628f1253f54aef3dd47b6770768f0d077ef00829147d9c161a307aa8c1d57591bcd31fed28be80a8a13654553b5d15cf980', 'b4cf0fd7fb1f7f92fa1c7fbceadbfb16ad9c7bc8afaceb6dc5acccdcc814f9bb6f6ea356d3ad090fda433dd7c7857b946fff91d08fd62f79edde67e6a0cc0bb2', '1668eb65-2967-4c4e-94cd-98ddf052c611', '2020-01-01 00:00:00');
+ INSERT INTO public.users VALUES ('9f899965-3642-4806-8e47-9628617febef', 'Hillary', NULL, '9f899965-3642-4806-8e47-9628617febef', true, true, '9f899965-3642-4806-8e47-9628617febef');
+ INSERT INTO public.sessions VALUES ('b7ef42fd-6010-486f-a500-5003595e03c8', '9f899965-3642-4806-8e47-9628617febef', '2020-01-31 00:00:00');"
`;

exports[`auth.register > functionality > email sent if active 2`] = `
"
	<!doctype html lang=\\"en\\">
	<html lang=\\"en\\">
		<head>
			<meta name=\\"viewport\\" content=\\"width=device-width\\" />
			<meta http-equiv=\\"Content-Type\\" content=\\"text/html; charset=UTF-8\\" />
			<title>Receipt App</title>
			<style> body {background-color:#eaebed;font-family:sans-serif;font-size:14px;line-height:1.4;margin:0;padding:0;-webkit-font-smoothing:antialiased;-ms-text-size-adjust:100%;-webkit-text-size-adjust:100%;} h1,h2,h3,h4 {color:#06090f;font-family:sans-serif;font-weight:400;line-height:1.4;margin:0;} p {font-family:sans-serif;font-size:14px;font-weight:normal;margin:0;margin-bottom:15px;} @media only screen and (max-width: 620px) { p {font-size:16px !important;} a {font-size:16px !important;} td {font-size:16px !important;} span {font-size:16px !important;} .container {padding:0 !important;width:100% !important;} .content {padding:0 !important;} .main {border-left-width:0 !important;border-radius:0 !important;border-right-width:0 !important;} .wrapper {padding:10px !important;} table[class=body] h3 {font-size:22px !important;margin-bottom:10px !important;} .btn table {width:100% !important;} .btn a {width:100% !important;}} a {color:#ec0867;text-decoration:underline;} .container {display:block;margin:0 auto !important;max-width:580px;padding:10px;width:580px;} .content {box-sizing:border-box;display:block;margin:0 auto;max-width:580px;padding:10px;} .preheader {color:transparent;display:none;height:0;max-height:0;max-width:0;opacity:0;overflow:hidden;mso-hide:all;visibility:hidden;width:0;} table {border-collapse:separate;mso-table-lspace:0pt;mso-table-rspace:0pt;min-width:100%;width:100%;} table td {font-family:sans-serif;font-size:14px;vertical-align:top;} .header {padding:20px 0;} h1 {font-size:35px;font-weight:300;text-align:center;text-transform:capitalize;} .align-center {text-align:center;} .main {background:#ffffff;border-radius:3px;width:100%;} .wrapper {box-sizing:border-box;padding:20px;} .btn {box-sizing:border-box;width:100%;} .btn > tbody > tr > td  {padding-bottom:15px;} .btn table {min-width:auto;width:auto;} .btn table td {background-color:#ffffff;border-radius:5px;text-align:center;} .btn a {background-color:#ffffff;border:solid 1px #ec0867;border-radius:5px;box-sizing:border-box;color:#ec0867;cursor:pointer;display:inline-block;font-size:14px;font-weight:bold;margin:0;padding:12px 25px;text-decoration:none;text-transform:capitalize;} .btn-primary table td {background-color:#ec0867;} .btn-primary a {background-color:#ec0867;border-color:#ec0867;color:#ffffff;} .btn-primary table td:hover {background-color:#d5075d !important;} .btn-primary a:hover {background-color:#d5075d !important;border-color:#d5075d !important;} .footer {clear:both;margin-top:10px;text-align:center;width:100%;} .footer td,.footer p,.footer span,.footer a {color:#9a9ea6;font-size:12px;text-align:center;} .footer-block {padding-bottom:10px;padding-top:10px;}</style>
		</head>
		<body><table role=\\"presentation\\" style=\\"border:0\\" cellPadding=\\"0\\" cellSpacing=\\"0\\" class=\\"body\\"><tr><td> </td><td class=\\"container\\"><div class=\\"header\\"><table role=\\"presentation\\" style=\\"border:0\\" cellPadding=\\"0\\" cellSpacing=\\"0\\" width=\\"100%\\"><tr><td class=\\"align-center\\" width=\\"100%\\"><h1>Receipt App</h1></td></tr></table></div><div class=\\"content\\"><span class=\\"preheader\\">Receipt App confirm email</span><table role=\\"presentation\\" class=\\"main\\"><tr><td class=\\"wrapper\\"><table role=\\"presentation\\" style=\\"border:0\\" cellPadding=\\"0\\" cellSpacing=\\"0\\"><tr><td><h3>✨Welcome to Receipt App✨</h3><p>Happy counting!</p><table role=\\"presentation\\" style=\\"border:0\\" cellPadding=\\"0\\" cellSpacing=\\"0\\" class=\\"btn btn-primary\\"><tbody><tr><td align=\\"left\\"><table role=\\"presentation\\" style=\\"border:0\\" cellPadding=\\"0\\" cellSpacing=\\"0\\"><tbody><tr><td> <a href=\\"http://receipt-app.test/confirm-email?token=1668eb65-2967-4c4e-94cd-98ddf052c611\\" rel=\\"noreferrer\\" target=\\"_blank\\">Confirm email</a> </td></tr></tbody></table></td></tr></tbody></table><p>Didn’t register in Receipt App? Click below to void your account.</p><table role=\\"presentation\\" style=\\"border:0\\" cellPadding=\\"0\\" cellSpacing=\\"0\\" class=\\"btn btn-primary\\"><tbody><tr><td align=\\"left\\"><table role=\\"presentation\\" style=\\"border:0\\" cellPadding=\\"0\\" cellSpacing=\\"0\\"><tbody><tr><td> <a href=\\"http://receipt-app.test/void-account?token=1668eb65-2967-4c4e-94cd-98ddf052c611\\" rel=\\"noreferrer\\" target=\\"_blank\\">Void account</a> </td></tr></tbody></table></td></tr></tbody></table></td></tr></table></td></tr></table><div class=\\"footer\\"><table role=\\"presentation\\" style=\\"border:0\\" cellPadding=\\"0\\" cellSpacing=\\"0\\"><tr><td class=\\"footer-block\\"><span class=\\"apple-link\\">Contact us on receipt@luixo.ru</span><br/>You can click <a href=\\"http://receipt-app.test/unsubscribe\\">unsubscribe</a>, but there is nothing to unsubscribe from.</td></tr><tr><td class=\\"footer-block powered-by\\">Inspired by <a href=\\"https://postdrop.io\\">Postdrop</a>.</td></tr></table></div></div></td><td> </td></tr></table>
		</body>
	</html>"
`;

exports[`auth.register > functionality > register successful 1`] = `
"Snapshot Diff:
- Before snapshot
+ After snapshot

@@ --- --- @@
+ INSERT INTO public.accounts VALUES ('f6c4adc4-b35f-40f4-91ac-a439e3b74466', 'octavia.schuster@hotmail.com', '05ee93383ba895e6a7c28c5f1851969e7a30a7459c3763b6ac167997b7e164b84558dbdc5058a72d7cb2a2c0acdbb3338b906e3b0b70fd77ced272a6d8541f8a', 'f3ce5da5bca27c69d47cddacaf30e0da6c11b89779ffcf50d207fd1c9cccc09360def24f1b08692eadba855ad7a292addd56b9a65f26b1ab8dfd1f20fb32ba4b', NULL, NULL);
+ INSERT INTO public.users VALUES ('f6c4adc4-b35f-40f4-91ac-a439e3b74466', 'Destinee', NULL, 'f6c4adc4-b35f-40f4-91ac-a439e3b74466', true, true, 'f6c4adc4-b35f-40f4-91ac-a439e3b74466');
+ INSERT INTO public.sessions VALUES ('dffcbe65-285f-4554-8669-20df32ae8838', 'f6c4adc4-b35f-40f4-91ac-a439e3b74466', '2020-01-31 00:00:00');"
`;
