// Vitest Snapshot v1, https://vitest.dev/guide/snapshot.html

exports[`auth.resetPassword > functionality > password reset 1`] = `
"Snapshot Diff:
- Before snapshot
+ After snapshot

@@ --- --- @@
- INSERT INTO public.accounts VALUES ('c511e95e-7f30-4e7d-8007-88ee22690e9c', 'eldridge.waelchi@hotmail.com', '5cc5caa7e5778331705cbf1484e92d54832582abf73453b92c4a753f531bbec16e8d690a6b6d365401f74ac78e03cd772d1ee2a67844081e7fab048b508c61ef', '9ca8ac78-b47b-49ee-89fb-0d39778139fa', NULL, NULL);
@@ --- --- @@
+ INSERT INTO public.accounts VALUES ('c511e95e-7f30-4e7d-8007-88ee22690e9c', 'eldridge.waelchi@hotmail.com', '145ca29be155411313681b7c1f2b1dc2909cf4e3338847cf11911ff5e60e1d3717bfb3201bc75048bfc919e06d133344e463941c42491e1af62b87468f0c8475', '96aba659-c12c-415e-b14f-891e612f1d9d', NULL, NULL);
@@ --- --- @@
- INSERT INTO public.\\"resetPasswordIntentions\\" VALUES ('c511e95e-7f30-4e7d-8007-88ee22690e9c', '2020-12-31 00:00:00', '00b0bb4b-9b4d-44bc-9e82-94dcf2d7c356');
- INSERT INTO public.\\"resetPasswordIntentions\\" VALUES ('c511e95e-7f30-4e7d-8007-88ee22690e9c', '2019-12-31 23:59:00', '8aa5e4fb-2eec-4c0f-b0ed-ba855f019f0d');
- INSERT INTO public.\\"resetPasswordIntentions\\" VALUES ('c511e95e-7f30-4e7d-8007-88ee22690e9c', '2020-12-31 00:00:00', 'cc8f2e2e-14f9-4326-b245-00bb9a1a6531');"
`;
