// Vitest Snapshot v1, https://vitest.dev/guide/snapshot.html

exports[`auth.voidAccount > functionality > account voided 1`] = `
"Snapshot Diff:
- Before snapshot
+ After snapshot

@@ --- --- @@
- INSERT INTO public.accounts VALUES ('160f0c0f-c86a-467a-b5ab-799b39f180ab', 'kara_maggio@gmail.com', 'eefae1e8fcd5dc2db9cf3ada887955d312253b41112c1fb6e20c2487813deb785bc634b75aa022e2e2334f187b7ad11131d2e8c981d63f4dfcef307ae679594e', 'a04898a8-6b8b-415d-a83a-35711194d289', '4384e85a-3746-4c2c-958d-be74d333f2ce', '2020-01-01 00:00:00');
@@ --- --- @@
- INSERT INTO public.users VALUES ('160f0c0f-c86a-467a-b5ab-799b39f180ab', 'Milo', NULL, '160f0c0f-c86a-467a-b5ab-799b39f180ab', false, false, '160f0c0f-c86a-467a-b5ab-799b39f180ab');
@@ --- --- @@
- INSERT INTO public.sessions VALUES ('5b45663c-d81e-4455-afb9-39f8440ae5e6', '160f0c0f-c86a-467a-b5ab-799b39f180ab', '2020-12-31 00:00:00');"
`;
