// Vitest Snapshot v1, https://vitest.dev/guide/snapshot.html

exports[`debts.addBatch > functionality > debts are added - autogenerated timestamp 1`] = `
{
  "added": {
    "debts": {
      "id:5b7ab2ba-be55-4771-8cd0-24e8fe338bd6|ownerAccountId:a4211316-9cb2-4005-b661-283ef7f1cf45": {
        "amount": "855.3800",
        "created": "2020-01-01T00:00:00.000Z",
        "currencyCode": "EGP",
        "id": "5b7ab2ba-be55-4771-8cd0-24e8fe338bd6",
        "lockedTimestamp": "2020-01-01T00:00:00.000Z",
        "note": "occaecati ut minus",
        "ownerAccountId": "a4211316-9cb2-4005-b661-283ef7f1cf45",
        "receiptId": null,
        "timestamp": "2020-01-01T00:00:00.000Z",
        "userId": "9dfe9df8-4ed0-4d14-904b-75ddf3bab1a8",
      },
      "id:845cb5ab-842b-4fa9-acbf-1a759ff393a4|ownerAccountId:a4211316-9cb2-4005-b661-283ef7f1cf45": {
        "amount": "-907.8400",
        "created": "2020-01-01T00:00:00.000Z",
        "currencyCode": "NOK",
        "id": "845cb5ab-842b-4fa9-acbf-1a759ff393a4",
        "lockedTimestamp": "2020-01-01T00:00:00.000Z",
        "note": "debitis culpa ea",
        "ownerAccountId": "a4211316-9cb2-4005-b661-283ef7f1cf45",
        "receiptId": null,
        "timestamp": "2020-01-01T00:00:00.000Z",
        "userId": "354b1a6f-df84-4caf-9e40-14e29dd617ee",
      },
    },
  },
}
`;

exports[`debts.addBatch > functionality > debts are added - for the same auto-accepting account 1`] = `
{
  "added": {
    "debts": {
      "id:96149eae-c99a-43e6-b616-97e9b690eb9b|ownerAccountId:b110042e-4a83-40bb-b54c-78376352ae0d": {
        "amount": "283.3400",
        "created": "2020-01-01T00:00:00.000Z",
        "currencyCode": "PEN",
        "id": "96149eae-c99a-43e6-b616-97e9b690eb9b",
        "lockedTimestamp": "2020-01-01T00:00:00.000Z",
        "note": "nostrum fugiat exercitationem",
        "ownerAccountId": "b110042e-4a83-40bb-b54c-78376352ae0d",
        "receiptId": null,
        "timestamp": "2020-01-01T00:00:00.000Z",
        "userId": "3f21fdd8-a0d9-409e-9a2a-b153d16f6bd5",
      },
      "id:96149eae-c99a-43e6-b616-97e9b690eb9b|ownerAccountId:bf922bf3-3fd7-4be5-b309-08e7e00e2fa3": {
        "amount": "-283.3400",
        "created": "2020-01-01T00:00:00.000Z",
        "currencyCode": "PEN",
        "id": "96149eae-c99a-43e6-b616-97e9b690eb9b",
        "lockedTimestamp": "2020-01-01T00:00:00.000Z",
        "note": "nostrum fugiat exercitationem",
        "ownerAccountId": "bf922bf3-3fd7-4be5-b309-08e7e00e2fa3",
        "receiptId": null,
        "timestamp": "2020-01-01T00:00:00.000Z",
        "userId": "8a5ebfc8-0bf8-49bd-9317-2ce5b13b8831",
      },
      "id:a0c1a92c-41a2-4d41-a06e-c368eee7f240|ownerAccountId:b110042e-4a83-40bb-b54c-78376352ae0d": {
        "amount": "510.6000",
        "created": "2020-01-01T00:00:00.000Z",
        "currencyCode": "OMR",
        "id": "a0c1a92c-41a2-4d41-a06e-c368eee7f240",
        "lockedTimestamp": "2020-01-01T00:00:00.000Z",
        "note": "quisquam mollitia at",
        "ownerAccountId": "b110042e-4a83-40bb-b54c-78376352ae0d",
        "receiptId": null,
        "timestamp": "2020-01-01T00:00:00.000Z",
        "userId": "3f21fdd8-a0d9-409e-9a2a-b153d16f6bd5",
      },
      "id:a0c1a92c-41a2-4d41-a06e-c368eee7f240|ownerAccountId:bf922bf3-3fd7-4be5-b309-08e7e00e2fa3": {
        "amount": "-510.6000",
        "created": "2020-01-01T00:00:00.000Z",
        "currencyCode": "OMR",
        "id": "a0c1a92c-41a2-4d41-a06e-c368eee7f240",
        "lockedTimestamp": "2020-01-01T00:00:00.000Z",
        "note": "quisquam mollitia at",
        "ownerAccountId": "bf922bf3-3fd7-4be5-b309-08e7e00e2fa3",
        "receiptId": null,
        "timestamp": "2020-01-01T00:00:00.000Z",
        "userId": "8a5ebfc8-0bf8-49bd-9317-2ce5b13b8831",
      },
      "id:ada8f5d5-b4f0-427d-8b01-49e30fb99e08|ownerAccountId:b110042e-4a83-40bb-b54c-78376352ae0d": {
        "amount": "-707.0800",
        "created": "2020-01-01T00:00:00.000Z",
        "currencyCode": "THB",
        "id": "ada8f5d5-b4f0-427d-8b01-49e30fb99e08",
        "lockedTimestamp": "2020-01-01T00:00:00.000Z",
        "note": "alias fugit iusto",
        "ownerAccountId": "b110042e-4a83-40bb-b54c-78376352ae0d",
        "receiptId": null,
        "timestamp": "2020-01-01T00:00:00.000Z",
        "userId": "3f21fdd8-a0d9-409e-9a2a-b153d16f6bd5",
      },
      "id:ada8f5d5-b4f0-427d-8b01-49e30fb99e08|ownerAccountId:bf922bf3-3fd7-4be5-b309-08e7e00e2fa3": {
        "amount": "707.0800",
        "created": "2020-01-01T00:00:00.000Z",
        "currencyCode": "THB",
        "id": "ada8f5d5-b4f0-427d-8b01-49e30fb99e08",
        "lockedTimestamp": "2020-01-01T00:00:00.000Z",
        "note": "alias fugit iusto",
        "ownerAccountId": "bf922bf3-3fd7-4be5-b309-08e7e00e2fa3",
        "receiptId": null,
        "timestamp": "2020-01-01T00:00:00.000Z",
        "userId": "8a5ebfc8-0bf8-49bd-9317-2ce5b13b8831",
      },
    },
  },
}
`;

exports[`debts.addBatch > functionality > debts are added - some are auto-accepted by the counterparty 1`] = `
{
  "added": {
    "debts": {
      "id:3fb62100-8408-48de-bb3a-f1e3f899ef83|ownerAccountId:b931b7cd-0bbb-4668-be2c-f59cfdecfddb": {
        "amount": "-794.6400",
        "created": "2020-01-01T00:00:00.000Z",
        "currencyCode": "UAH",
        "id": "3fb62100-8408-48de-bb3a-f1e3f899ef83",
        "lockedTimestamp": "2020-01-01T00:00:00.000Z",
        "note": "quisquam asperiores temporibus",
        "ownerAccountId": "b931b7cd-0bbb-4668-be2c-f59cfdecfddb",
        "receiptId": null,
        "timestamp": "2020-01-01T00:00:00.000Z",
        "userId": "a61eabf7-3766-45cc-884e-962e538d734c",
      },
      "id:6b8c3687-6276-48ef-b194-295365be669a|ownerAccountId:4adfd369-72a9-4631-903a-3353c3e5dba5": {
        "amount": "-835.0700",
        "created": "2020-01-01T00:00:00.000Z",
        "currencyCode": "LKR",
        "id": "6b8c3687-6276-48ef-b194-295365be669a",
        "lockedTimestamp": "2020-01-01T00:00:00.000Z",
        "note": "illo quidem nihil",
        "ownerAccountId": "4adfd369-72a9-4631-903a-3353c3e5dba5",
        "receiptId": "2474d40a-1505-46a5-a055-4495ed5f3b7b",
        "timestamp": "2020-01-01T00:00:00.000Z",
        "userId": "4670ef39-264b-4f7e-bfeb-13962a4e383c",
      },
      "id:6b8c3687-6276-48ef-b194-295365be669a|ownerAccountId:b931b7cd-0bbb-4668-be2c-f59cfdecfddb": {
        "amount": "835.0700",
        "created": "2020-01-01T00:00:00.000Z",
        "currencyCode": "LKR",
        "id": "6b8c3687-6276-48ef-b194-295365be669a",
        "lockedTimestamp": "2020-01-01T00:00:00.000Z",
        "note": "illo quidem nihil",
        "ownerAccountId": "b931b7cd-0bbb-4668-be2c-f59cfdecfddb",
        "receiptId": "2474d40a-1505-46a5-a055-4495ed5f3b7b",
        "timestamp": "2020-01-01T00:00:00.000Z",
        "userId": "e8537d1e-2f77-4a92-b31e-4188c399be5a",
      },
      "id:caffcfe2-fdb5-4e5a-8f19-f45b76e51e15|ownerAccountId:4adfd369-72a9-4631-903a-3353c3e5dba5": {
        "amount": "388.2900",
        "created": "2020-01-01T00:00:00.000Z",
        "currencyCode": "ILS",
        "id": "caffcfe2-fdb5-4e5a-8f19-f45b76e51e15",
        "lockedTimestamp": "2020-01-01T00:00:00.000Z",
        "note": "rerum tempore soluta",
        "ownerAccountId": "4adfd369-72a9-4631-903a-3353c3e5dba5",
        "receiptId": null,
        "timestamp": "2020-01-01T00:00:00.000Z",
        "userId": "4670ef39-264b-4f7e-bfeb-13962a4e383c",
      },
      "id:caffcfe2-fdb5-4e5a-8f19-f45b76e51e15|ownerAccountId:b931b7cd-0bbb-4668-be2c-f59cfdecfddb": {
        "amount": "-388.2900",
        "created": "2020-01-01T00:00:00.000Z",
        "currencyCode": "ILS",
        "id": "caffcfe2-fdb5-4e5a-8f19-f45b76e51e15",
        "lockedTimestamp": "2020-01-01T00:00:00.000Z",
        "note": "rerum tempore soluta",
        "ownerAccountId": "b931b7cd-0bbb-4668-be2c-f59cfdecfddb",
        "receiptId": null,
        "timestamp": "2020-01-01T00:00:00.000Z",
        "userId": "e8537d1e-2f77-4a92-b31e-4188c399be5a",
      },
      "id:f703d7a1-1162-440f-96e3-cddb7688bc47|ownerAccountId:1c1913a2-358a-42cf-96c1-97c9a12923e1": {
        "amount": "320.7700",
        "created": "2020-01-01T00:00:00.000Z",
        "currencyCode": "VEF",
        "id": "f703d7a1-1162-440f-96e3-cddb7688bc47",
        "lockedTimestamp": "2020-01-01T00:00:00.000Z",
        "note": "officiis qui quo",
        "ownerAccountId": "1c1913a2-358a-42cf-96c1-97c9a12923e1",
        "receiptId": null,
        "timestamp": "2020-01-01T00:00:00.000Z",
        "userId": "207afcd4-1bbf-4956-ac87-539df7c576e1",
      },
      "id:f703d7a1-1162-440f-96e3-cddb7688bc47|ownerAccountId:b931b7cd-0bbb-4668-be2c-f59cfdecfddb": {
        "amount": "-320.7700",
        "created": "2020-01-01T00:00:00.000Z",
        "currencyCode": "VEF",
        "id": "f703d7a1-1162-440f-96e3-cddb7688bc47",
        "lockedTimestamp": "2020-01-01T00:00:00.000Z",
        "note": "officiis qui quo",
        "ownerAccountId": "b931b7cd-0bbb-4668-be2c-f59cfdecfddb",
        "receiptId": null,
        "timestamp": "2020-01-01T00:00:00.000Z",
        "userId": "465229c7-e6a6-486b-a6bb-7ce4792a7b4b",
      },
    },
  },
}
`;

exports[`debts.addBatch > functionality > debts are added - user-provided timestamp 1`] = `
{
  "added": {
    "debts": {
      "id:90d46bf0-67b1-4316-8673-7e3dc542b214|ownerAccountId:26f5cb66-86fe-4a60-a7f2-466dbfbb1eab": {
        "amount": "155.4300",
        "created": "2020-01-01T00:00:00.000Z",
        "currencyCode": "XAF",
        "id": "90d46bf0-67b1-4316-8673-7e3dc542b214",
        "lockedTimestamp": "2020-01-01T00:00:00.000Z",
        "note": "aut sint libero",
        "ownerAccountId": "26f5cb66-86fe-4a60-a7f2-466dbfbb1eab",
        "receiptId": null,
        "timestamp": "2021-01-01T00:00:00.000Z",
        "userId": "b6206d08-839d-49f4-8930-608654e73331",
      },
      "id:abf6352d-3dfa-4796-87e4-2596648a6962|ownerAccountId:26f5cb66-86fe-4a60-a7f2-466dbfbb1eab": {
        "amount": "-37.9300",
        "created": "2020-01-01T00:00:00.000Z",
        "currencyCode": "HKD",
        "id": "abf6352d-3dfa-4796-87e4-2596648a6962",
        "lockedTimestamp": "2020-01-01T00:00:00.000Z",
        "note": "inventore occaecati voluptas",
        "ownerAccountId": "26f5cb66-86fe-4a60-a7f2-466dbfbb1eab",
        "receiptId": null,
        "timestamp": "2021-01-01T00:00:00.000Z",
        "userId": "b6f5e4b3-3e29-449f-b7c8-67a82910dedc",
      },
    },
  },
}
`;
