// Vitest Snapshot v1, https://vitest.dev/guide/snapshot.html

exports[`currency.rates > functionality > top debts currencies returned 1`] = `
[
  {
    "count": "3",
    "currencyCode": "USD",
  },
  {
    "count": "2",
    "currencyCode": "EUR",
  },
  {
    "count": "1",
    "currencyCode": "GEL",
  },
]
`;
