// Vitest Snapshot v1, https://vitest.dev/guide/snapshot.html

exports[`receiptParticipants.remove > functionality > user is removed 1`] = `
{
  "deleted": {
    "itemParticipants": {
      "itemId:47c3aa72-d37e-4039-91bb-78a75ea71923|userId:4a950a61-6655-4a98-8554-dc797c4131a2": undefined,
    },
    "receiptParticipants": {
      "receiptId:ba0db3c1-5954-4d81-923a-e5ab58e56bfc|userId:4a950a61-6655-4a98-8554-dc797c4131a2": undefined,
    },
  },
}
`;
