// Vitest Snapshot v1, https://vitest.dev/guide/snapshot.html

exports[`account.changePassword > functionality > password changes 1`] = `
{
  "updated": {
    "accounts": {
      "id:6e27b1dd-174b-4962-8c94-bdb98b6eaf50": {
        "passwordHash": "68b28f8324343380ee65453523e1abae23514174aaf780c5aaf4df584440783a2c393fa10483d3ed9c3cccc5bda857ae86a477d7591647c34867fa511a7b6fc7",
        "passwordSalt": "b7a83c6b0f1c72ec0ea3878dced9fda1a9c0002ccd40ca1a747e2d9a5a702f30a2b70aa1bcaeda8b8fccc52ef38b3b98b19ec8e327ba812f34a7fdc79af505e2",
        "updatedAt": 2020-01-01T00:01:00.000Z,
      },
    },
  },
}
`;
