// Vitest Snapshot v1, https://vitest.dev/guide/snapshot.html

exports[`account.logout > functionality > session is removed 1`] = `
{
  "deleted": {
    "sessions": {
      "sessionId:e82f6e4a-1695-4750-8156-13d11de6a040": undefined,
    },
  },
}
`;
