// Vitest Snapshot v1, https://vitest.dev/guide/snapshot.html

exports[`accountConnectionIntentions.remove > functionality > account connection intention is removed 1`] = `
{
  "deleted": {
    "accountConnectionsIntentions": {
      "accountId:48c2e24a-608c-4813-923d-c1f7122d3538|targetAccountId:5cd9c297-1547-4806-8da8-4b83d6ab4ecc": undefined,
    },
  },
}
`;
